// Jest Snapshot v1, https://goo.gl/fbAQLP

exports[`fix() when run on data corrects the PR titles 1`] = `
[
  "feat/JIRA-5",
  "Dependabot PR to upgrade dependencies",
]
`;
